\\uni-eng.ru\unit\Ivanovo\Документация ЮНИТ М300\Разработка\Схемы ФБ ЮНИТ-М300\Проект\РЭ ШЭТ\40. ШЭТ 221.03-1\Документация\040_ШЭТ 221.03-1 (ПЭ3+Э3+Э4.1) v1.0.dwg,A4-4,30.07.2026 9:03:26,d.sharygin,Adobe PDF,A4,1:0.560117,
\\uni-eng.ru\unit\Ivanovo\Документация ЮНИТ М300\Разработка\Схемы ФБ ЮНИТ-М300\Проект\РЭ ШЭТ\40. ШЭТ 221.03-1\Документация\040_ШЭТ 221.03-1 (ПЭ3+Э3+Э4.1) v1.0.dwg,A4-5,30.07.2026 9:03:54,d.sharygin,Adobe PDF,A4,1:0.560117,
\\uni-eng.ru\unit\Ivanovo\Документация ЮНИТ М300\Разработка\Схемы ФБ ЮНИТ-М300\Проект\РЭ ШЭТ\40. ШЭТ 221.03-1\Документация\040_ШЭТ 221.03-1 (ПЭ3+Э3+Э4.1) v1.0.dwg,Лист1,30.07.2026 9:06:33,d.sharygin,Adobe PDF,A4,1:0.792165,
\\uni-eng.ru\unit\Ivanovo\Документация ЮНИТ М300\Разработка\Схемы ФБ ЮНИТ-М300\Проект\РЭ ШЭТ\40. ШЭТ 221.03-1\Документация\040_ШЭТ 221.03-1 (ПЭ3+Э3+Э4.1) v1.0.dwg,Лист2,30.07.2026 9:07:00,d.sharygin,Adobe PDF,A4,1:0.792165,
\\uni-eng.ru\unit\Ivanovo\Документация ЮНИТ М300\Разработка\Схемы ФБ ЮНИТ-М300\Проект\РЭ ШЭТ\40. ШЭТ 221.03-1\Документация\040_ШЭТ 221.03-1 (ПЭ3+Э3+Э4.1) v1.0.dwg,Лист3,30.07.2026 9:07:24,d.sharygin,Adobe PDF,A4,1:0.0794575,
\\uni-eng.ru\unit\Ivanovo\Документация ЮНИТ М300\Разработка\Схемы ФБ ЮНИТ-М300\Проект\РЭ ШЭТ\40. ШЭТ 221.03-1\Документация\040_ШЭТ 221.03-1 (ПЭ3+Э3+Э4.1) v1.0.dwg,Э4.1_1,30.07.2026 9:08:01,d.sharygin,Adobe PDF,A4,1:0.0794575,
\\uni-eng.ru\unit\Ivanovo\Документация ЮНИТ М300\Разработка\Схемы ФБ ЮНИТ-М300\Проект\РЭ ШЭТ\20. ШЭТ 210.01-0\Документация\004_Шкаф ДЗТ и ДЗО ШЭТ 210.01-0 Э3 (ЮНИТ М519 ДЗТ М510 ДЗО)_v4.dwg,A4-4,30.07.2026 16:21:59,d.sharygin,Adobe PDF,A4,1:0.560117,
\\uni-eng.ru\unit\Ivanovo\Документация ЮНИТ М300\Разработка\Схемы ФБ ЮНИТ-М300\Проект\РЭ ШЭТ\20. ШЭТ 210.01-0\Документация\004_Шкаф ДЗТ и ДЗО ШЭТ 210.01-0 Э3 (ЮНИТ М519 ДЗТ М510 ДЗО)_v4.dwg,A4-5,30.07.2026 16:22:33,d.sharygin,Adobe PDF,A4,1:0.560117,
\\uni-eng.ru\unit\Ivanovo\Документация ЮНИТ М300\Разработка\Схемы ФБ ЮНИТ-М300\Проект\РЭ ШЭТ\20. ШЭТ 210.01-0\Документация\004_Шкаф ДЗТ и ДЗО ШЭТ 210.01-0 Э3 (ЮНИТ М519 ДЗТ М510 ДЗО)_v4.dwg,Лист1,30.07.2026 16:26:29,d.sharygin,Adobe PDF,A4,1:0.792165,
\\uni-eng.ru\unit\Ivanovo\Документация ЮНИТ М300\Разработка\Схемы ФБ ЮНИТ-М300\Проект\РЭ ШЭТ\20. ШЭТ 210.01-0\Документация\004_Шкаф ДЗТ и ДЗО ШЭТ 210.01-0 Э3 (ЮНИТ М519 ДЗТ М510 ДЗО)_v4.dwg,Лист2,30.07.2026 16:26:57,d.sharygin,Adobe PDF,A4,1:0.792165,
\\uni-eng.ru\unit\Ivanovo\Документация ЮНИТ М300\Разработка\Схемы ФБ ЮНИТ-М300\Проект\РЭ ШЭТ\20. ШЭТ 210.01-0\Документация\004_Шкаф ДЗТ и ДЗО ШЭТ 210.01-0 Э3 (ЮНИТ М519 ДЗТ М510 ДЗО)_v4.dwg,Лист3,30.07.2026 16:27:17,d.sharygin,Adobe PDF,A4,1:0.0794575,
\\uni-eng.ru\unit\Ivanovo\Документация ЮНИТ М300\Разработка\Схемы ФБ ЮНИТ-М300\Проект\РЭ ШЭТ\20. ШЭТ 210.01-0\Документация\004_Шкаф ДЗТ и ДЗО ШЭТ 210.01-0 Э3 (ЮНИТ М519 ДЗТ М510 ДЗО)_v4.dwg,Лист4,30.07.2026 16:27:36,d.sharygin,Adobe PDF,A4,1:0.0794575,
\\uni-eng.ru\unit\Ivanovo\Документация ЮНИТ М300\Разработка\Схемы ФБ ЮНИТ-М300\Проект\РЭ ШЭТ\20. ШЭТ 210.01-0\Документация\004_Шкаф ДЗТ и ДЗО ШЭТ 210.01-0 Э3 (ЮНИТ М519 ДЗТ М510 ДЗО)_v4.dwg,Лист5,30.07.2026 16:27:56,d.sharygin,Adobe PDF,A4,1:0.0794575,
\\uni-eng.ru\unit\Ivanovo\Документация ЮНИТ М300\Разработка\Схемы ФБ ЮНИТ-М300\Проект\РЭ ШЭТ\20. ШЭТ 210.01-0\Документация\004_Шкаф ДЗТ и ДЗО ШЭТ 210.01-0 Э3 (ЮНИТ М519 ДЗТ М510 ДЗО)_v4.dwg,Лист6,30.07.2026 16:28:20,d.sharygin,Adobe PDF,A4,1:0.0794575,
\\uni-eng.ru\unit\Ivanovo\Документация ЮНИТ М300\Разработка\Схемы ФБ ЮНИТ-М300\Проект\РЭ ШЭТ\20. ШЭТ 210.01-0\Документация\004_Шкаф ДЗТ и ДЗО ШЭТ 210.01-0 Э3 (ЮНИТ М519 ДЗТ М510 ДЗО)_v4.dwg,Лист7,30.07.2026 16:28:41,d.sharygin,Adobe PDF,A4,1:0.0794575,
\\uni-eng.ru\unit\Ivanovo\Документация ЮНИТ М300\Разработка\Схемы ФБ ЮНИТ-М300\Проект\РЭ ШЭТ\20. ШЭТ 210.01-0\Документация\004_Шкаф ДЗТ и ДЗО ШЭТ 210.01-0 Э3 (ЮНИТ М519 ДЗТ М510 ДЗО)_v4.dwg,Лист8,30.07.2026 16:29:17,d.sharygin,Adobe PDF,A4,1:0.0794575,
\\uni-eng.ru\unit\Ivanovo\Документация ЮНИТ М300\Разработка\Схемы ФБ ЮНИТ-М300\Проект\РЭ ШЭТ\20. ШЭТ 210.01-0\Документация\004_Шкаф ДЗТ и ДЗО ШЭТ 210.01-0 Э3 (ЮНИТ М519 ДЗТ М510 ДЗО)_v4.dwg,Лист9,30.07.2026 16:29:36,d.sharygin,Adobe PDF,A4,1:0.0794575,
\\uni-eng.ru\unit\Ivanovo\Документация ЮНИТ М300\Разработка\Схемы ФБ ЮНИТ-М300\Проект\РЭ ШЭТ\20. ШЭТ 210.01-0\Документация\004_Шкаф ДЗТ и ДЗО ШЭТ 210.01-0 Э3 (ЮНИТ М519 ДЗТ М510 ДЗО)_v4.dwg,Лист10,30.07.2026 16:30:17,d.sharygin,Adobe PDF,A4,1:0.0794575,
\\uni-eng.ru\unit\Ivanovo\Документация ЮНИТ М300\Разработка\Схемы ФБ ЮНИТ-М300\Проект\РЭ ШЭТ\20. ШЭТ 210.01-0\Документация\004_Шкаф ДЗТ и ДЗО ШЭТ 210.01-0 Э3 (ЮНИТ М519 ДЗТ М510 ДЗО)_v4.dwg,Лист10,30.07.2026 16:30:35,d.sharygin,Adobe PDF,A4,1:0.0794575,
\\uni-eng.ru\unit\Ivanovo\Документация ЮНИТ М300\Разработка\Схемы ФБ ЮНИТ-М300\Проект\РЭ ШЭТ\20. ШЭТ 210.01-0\Документация\004_Шкаф ДЗТ и ДЗО ШЭТ 210.01-0 Э3 (ЮНИТ М519 ДЗТ М510 ДЗО)_v4.dwg,Э4.1_1,30.07.2026 16:33:45,d.sharygin,Adobe PDF,A4,1:0.0794575,
\\uni-eng.ru\unit\Ivanovo\Документация ЮНИТ М300\Разработка\Схемы ФБ ЮНИТ-М300\Проект\РЭ ШЭТ\20. ШЭТ 210.01-0\Документация\004_Шкаф ДЗТ и ДЗО ШЭТ 210.01-0 Э3 (ЮНИТ М519 ДЗТ М510 ДЗО)_v4.dwg,Э4.1_2,30.07.2026 16:34:14,d.sharygin,Adobe PDF,A4,1:0.0794575,
\\uni-eng.ru\unit\Ivanovo\Документация ЮНИТ М300\Разработка\Схемы ФБ ЮНИТ-М300\Проект\РЭ ШЭТ\20. ШЭТ 210.01-0\Документация\004_Шкаф ДЗТ и ДЗО ШЭТ 210.01-0 Э3 (ЮНИТ М519 ДЗТ М510 ДЗО)_v4.dwg,Э4.1_2,30.07.2026 16:34:36,d.sharygin,Adobe PDF,A4,1:0.0794575,
\\uni-eng.ru\unit\Ivanovo\Документация ЮНИТ М300\Разработка\Схемы ФБ ЮНИТ-М300\Проект\РЭ ШЭТ\20. ШЭТ 210.01-0\Документация\004_Шкаф ДЗТ и ДЗО ШЭТ 210.01-0 Э3 (ЮНИТ М519 ДЗТ М510 ДЗО)_v4.dwg,Э4.1_2,30.07.2026 16:34:52,d.sharygin,Adobe PDF,A4,1:0.0794575,
\\uni-eng.ru\unit\Ivanovo\Документация ЮНИТ М300\Разработка\Схемы ФБ ЮНИТ-М300\Проект\РЭ ШЭТ\20. ШЭТ 210.01-0\Документация\004_Шкаф ДЗТ и ДЗО ШЭТ 210.01-0 Э3 (ЮНИТ М519 ДЗТ М510 ДЗО)_v4.dwg,Э4.1_3,30.07.2026 16:48:56,d.sharygin,Adobe PDF,A3,1:0.0561771,
\\uni-eng.ru\unit\Ivanovo\Документация ЮНИТ М300\Разработка\Схемы ФБ ЮНИТ-М300\Проект\РЭ ШЭТ\20. ШЭТ 210.01-0\Документация\004_Шкаф ДЗТ и ДЗО ШЭТ 210.01-0 Э3 (ЮНИТ М519 ДЗТ М510 ДЗО)_v4.dwg,Э4.1_4,30.07.2026 16:49:24,d.sharygin,Adobe PDF,A4,1:0.0794575,
\\uni-eng.ru\unit\Ivanovo\Документация ЮНИТ М300\Разработка\Схемы ФБ ЮНИТ-М300\Проект\РЭ ШЭТ\20. ШЭТ 210.01-0\Документация\004_Шкаф ДЗТ и ДЗО ШЭТ 210.01-0 Э3 (ЮНИТ М519 ДЗТ М510 ДЗО)_v4.dwg,Лист11,30.07.2026 16:50:13,d.sharygin,Adobe PDF,A4,1:0.0794575,
