\\uni-eng.ru\unit\Ivanovo\Документация ЮНИТ М300\Разработка\Схемы ФБ ЮНИТ-М300\Проект\РЭ500\1. РЭ ЮНИТ-М500-ВЧ 01.01\Приложение. Аналоги\Чертеж1.dwg,Лист2,23.06.2026 10:50:57,d.sharygin,Adobe PDF,A4,1:0.21359,
\\uni-eng.ru\unit\Ivanovo\Документация ЮНИТ М300\Разработка\Схемы ФБ ЮНИТ-М300\Проект\РЭ500\1. РЭ ЮНИТ-М500-ВЧ 01.01\Приложение. Аналоги\Чертеж1.dwg,Модель,23.06.2026 11:09:46,d.sharygin,Adobe PDF,A4,1:2.42755,
\\uni-eng.ru\unit\Ivanovo\Документация ЮНИТ М300\Разработка\Схемы ФБ ЮНИТ-М300\Проект\РЭ500\01.01 РЭ ЮНИТ-М500-ВЧ\Приложение. Аналоги\Чертеж1.dwg,Лист3,12.08.2026 15:06:25,d.sharygin,NPI787356 (HP LaserJet 400 MFP M425dn),A4,1:1,
\\uni-eng.ru\unit\Ivanovo\Документация ЮНИТ М300\Разработка\Схемы ФБ ЮНИТ-М300\Проект\РЭ500\01.01 РЭ ЮНИТ-М500-ВЧ\Приложение. Аналоги\Чертеж1.dwg,Лист3,12.08.2026 15:55:19,d.sharygin,Adobe PDF,A4,1:1,
\\uni-eng.ru\unit\Ivanovo\Документация ЮНИТ М300\Разработка\Схемы ФБ ЮНИТ-М300\Проект\РЭ500\01.01 РЭ ЮНИТ-М500-ВЧ\Приложение. Аналоги\Чертеж1.dwg,Лист3,12.08.2026 15:56:57,d.sharygin,Adobe PDF,A4,1:0.687478,
\\uni-eng.ru\unit\Ivanovo\Документация ЮНИТ М300\Разработка\Схемы ФБ ЮНИТ-М300\Проект\РЭ500\01.01 РЭ ЮНИТ-М500-ВЧ\Приложение. Аналоги\Чертеж1.dwg,Лист3,13.08.2026 16:32:32,d.sharygin,Adobe PDF,A4,1:1,
\\uni-eng.ru\unit\Ivanovo\Документация ЮНИТ М300\Разработка\Схемы ФБ ЮНИТ-М300\Проект\РЭ500\01.01 РЭ ЮНИТ-М500-ВЧ\Приложение. Аналоги\Чертеж1.dwg,Лист4,14.08.2026 9:31:04,d.sharygin,Adobe PDF,A4,1:1,
\\uni-eng.ru\unit\Ivanovo\Документация ЮНИТ М300\Разработка\Схемы ФБ ЮНИТ-М300\Проект\РЭ500\01.01 РЭ ЮНИТ-М500-ВЧ\Приложение. Аналоги\Чертеж1.dwg,Лист5,14.08.2026 14:36:30,d.sharygin,Adobe PDF,A4,1:1,
\\uni-eng.ru\unit\Ivanovo\Документация ЮНИТ М300\Разработка\Схемы ФБ ЮНИТ-М300\Проект\РЭ500\01.01 РЭ ЮНИТ-М500-ВЧ\Приложение. Аналоги\Чертеж1.dwg,Лист6,17.08.2026 13:35:47,d.sharygin,Adobe PDF,A4,1:1,
\\uni-eng.ru\unit\Ivanovo\Документация ЮНИТ М300\Разработка\Схемы ФБ ЮНИТ-М300\Проект\РЭ500\01.01 РЭ ЮНИТ-М500-ВЧ\Приложение. Аналоги\Чертеж1.dwg,Лист6,18.08.2026 8:47:04,d.sharygin,Adobe PDF,A4,1:1,
\\uni-eng.ru\unit\Ivanovo\Документация ЮНИТ М300\Разработка\Схемы ФБ ЮНИТ-М300\Проект\РЭ500\01.01 РЭ ЮНИТ-М500-ВЧ\Приложение. Аналоги\Чертеж1.dwg,Лист7,18.08.2026 8:49:31,d.sharygin,Adobe PDF,A4,1:1,
\\uni-eng.ru\unit\Ivanovo\Документация ЮНИТ М300\Разработка\Схемы ФБ ЮНИТ-М300\Проект\РЭ500\01.01 РЭ ЮНИТ-М500-ВЧ\Приложение. Аналоги\Чертеж1.dwg,Лист7,18.08.2026 8:53:11,d.sharygin,Adobe PDF,A4,1:1,
\\uni-eng.ru\unit\Ivanovo\Документация ЮНИТ М300\Разработка\Схемы ФБ ЮНИТ-М300\Проект\РЭ500\01.01 РЭ ЮНИТ-М500-ВЧ\Приложение. Аналоги\Чертеж1.dwg,Лист8,18.08.2026 10:44:18,d.sharygin,Adobe PDF,A4,1:1,
\\uni-eng.ru\unit\Ivanovo\Документация ЮНИТ М300\Разработка\Схемы ФБ ЮНИТ-М300\Проект\РЭ500\01.01 РЭ ЮНИТ-М500-ВЧ\Приложение. Аналоги\Чертеж1.dwg,Лист9,18.08.2026 14:00:49,d.sharygin,Adobe PDF,A4,1:1,
\\uni-eng.ru\unit\Ivanovo\Документация ЮНИТ М300\Разработка\Схемы ФБ ЮНИТ-М300\Проект\РЭ500\01.01 РЭ ЮНИТ-М500-ВЧ\Приложение. Аналоги\Чертеж1.dwg,Модель,18.08.2026 14:03:40,d.sharygin,Adobe PDF,A4,1:3.19876,
\\uni-eng.ru\unit\Ivanovo\Документация ЮНИТ М300\Разработка\Схемы ФБ ЮНИТ-М300\Проект\РЭ500\01.01 РЭ ЮНИТ-М500-ВЧ\Приложение. Аналоги\Чертеж1.dwg,Модель,18.08.2026 14:04:07,d.sharygin,Adobe PDF,A4,1:3.19876,
\\uni-eng.ru\unit\Ivanovo\Документация ЮНИТ М300\Разработка\Схемы ФБ ЮНИТ-М300\Проект\РЭ500\01.01 РЭ ЮНИТ-М500-ВЧ\Приложение. Аналоги\Чертеж1.dwg,Лист9,18.08.2026 14:05:00,d.sharygin,Adobe PDF,A4,1:1,
\\uni-eng.ru\unit\Ivanovo\Документация ЮНИТ М300\Разработка\Схемы ФБ ЮНИТ-М300\Проект\РЭ500\01.01 РЭ ЮНИТ-М500-ВЧ\Приложение. Аналоги\Чертеж1.dwg,Лист9,18.08.2026 14:13:34,d.sharygin,Adobe PDF,A4,1:1,
\\uni-eng.ru\unit\Ivanovo\Документация ЮНИТ М300\Разработка\Схемы ФБ ЮНИТ-М300\Проект\РЭ500\01.01 РЭ ЮНИТ-М500-ВЧ\Приложение. Аналоги\Чертеж1.dwg,Лист8,18.08.2026 14:22:10,d.sharygin,Adobe PDF,A4,1:1,
\\uni-eng.ru\unit\Ivanovo\Документация ЮНИТ М300\Разработка\Схемы ФБ ЮНИТ-М300\Проект\РЭ500\01.01 РЭ ЮНИТ-М500-ВЧ\Приложение. Аналоги\Чертеж1.dwg,Лист10,18.08.2026 16:03:24,d.sharygin,Adobe PDF,A4,1:1,
\\uni-eng.ru\unit\Ivanovo\Документация ЮНИТ М300\Разработка\Схемы ФБ ЮНИТ-М300\Проект\РЭ500\01.01 РЭ ЮНИТ-М500-ВЧ\Приложение. Аналоги\Чертеж1.dwg,Лист11,19.08.2026 9:37:49,d.sharygin,Adobe PDF,A4,1:1,
\\uni-eng.ru\unit\Ivanovo\Документация ЮНИТ М300\Разработка\Схемы ФБ ЮНИТ-М300\Проект\РЭ500\01.01 РЭ ЮНИТ-М500-ВЧ\Приложение. Аналоги\Чертеж1.dwg,Лист12,19.08.2026 10:46:54,d.sharygin,Adobe PDF,A4,1:1,
\\uni-eng.ru\unit\Ivanovo\Документация ЮНИТ М300\Разработка\Схемы ФБ ЮНИТ-М300\Проект\РЭ500\01.01 РЭ ЮНИТ-М500-ВЧ\Приложение. Аналоги\Чертеж1.dwg,Лист12,19.08.2026 10:59:29,d.sharygin,Adobe PDF,A4,1:1,
\\uni-eng.ru\unit\Ivanovo\Документация ЮНИТ М300\Разработка\Схемы ФБ ЮНИТ-М300\Проект\РЭ500\01.01 РЭ ЮНИТ-М500-ВЧ\Приложение. Аналоги\Чертеж1.dwg,Лист13,19.08.2026 13:36:14,d.sharygin,Adobe PDF,A4,1:1,
