\\uni-eng.ru\unit\Ivanovo\Документация ЮНИТ М300\Разработка\Схемы ФБ ЮНИТ-М300\Проект\БД\desc\17. ДЗТ 35\ФБ_ДЗТ.dwg,Модель,25.04.2026 13:35:59,g.lubov,DWG To PDF.pc3,ISO без полей A0 (841.00 x 1189.00 мм),1:1,
\\uni-eng.ru\unit\Ivanovo\Документация ЮНИТ М300\Разработка\Схемы ФБ ЮНИТ-М300\Проект\БД\desc\17. ДЗТ 35\ФБ_ДЗТ.dwg,Модель,25.04.2026 13:39:36,g.lubov,DWG To PDF.pc3,ISO без полей A0 (841.00 x 1189.00 мм),1:1,
\\uni-eng.ru\unit\Ivanovo\Документация ЮНИТ М300\Разработка\Схемы ФБ ЮНИТ-М300\Проект\БД\desc\17. ДЗТ 35\ФБ_ДЗТ.dwg,Модель,26.06.2026 10:43:23,g.lubov,DWG To PDF.pc3,ISO A0 (841.00 x 1189.00 мм),1:1,
\\uni-eng.ru\unit\Ivanovo\Документация ЮНИТ М300\Разработка\Схемы ФБ ЮНИТ-М300\Проект\БД\desc\17. ДЗТ 35\ФБ_ДЗТ.dwg,Модель,26.06.2026 10:45:03,g.lubov,DWG To PDF.pc3,ISO A0 (841.00 x 1189.00 мм),1:1,
\\uni-eng.ru\unit\Ivanovo\Документация ЮНИТ М300\Разработка\Схемы ФБ ЮНИТ-М300\Проект\БД\desc\17. ДЗТ 35\ФБ_ДЗТ.dwg,Модель,26.06.2026 11:19:01,g.lubov,DWG To PDF.pc3,ISO A0 (841.00 x 1189.00 мм),1:1,
\\uni-eng.ru\unit\Ivanovo\Документация ЮНИТ М300\Разработка\Схемы ФБ ЮНИТ-М300\Проект\БД\desc\17. ДЗТ 35\ФБ_ДЗТ.dwg,Модель,26.06.2026 11:24:35,g.lubov,DWG To PDF.pc3,ISO A0 (841.00 x 1189.00 мм),1:1,
\\uni-eng.ru\unit\Ivanovo\Документация ЮНИТ М300\Разработка\Схемы ФБ ЮНИТ-М300\Проект\БД\desc\17. ДЗТ 35\ФБ_ДЗТ.dwg,Модель,26.06.2026 11:53:50,g.lubov,DWG To PDF.pc3,ISO A0 (841.00 x 1189.00 мм),1:1,
\\uni-eng.ru\unit\Ivanovo\Документация ЮНИТ М300\Разработка\Схемы ФБ ЮНИТ-М300\Проект\БД\desc\23. КЦТ ДЗТ\КЦТ.dwg,Модель,26.06.2026 13:48:47,g.lubov,DWG To PDF.pc3,ISO A0 (841.00 x 1189.00 мм),1:1,
\\uni-eng.ru\unit\Ivanovo\Документация ЮНИТ М300\Разработка\Схемы ФБ ЮНИТ-М300\Проект\БД\desc\17. ДЗТ 35\ФБ_ДЗТ.dwg,Модель,26.06.2026 13:51:23,g.lubov,DWG To PDF.pc3,ISO A0 (841.00 x 1189.00 мм),1:1,
\\uni-eng.ru\unit\Ivanovo\Документация ЮНИТ М300\Разработка\Схемы ФБ ЮНИТ-М300\Проект\БД\desc\08. ЗПО Т 35\ФБ ЗПО.dwg,Модель,26.06.2026 14:19:53,g.lubov,DWG To PDF.pc3,ISO A0 (841.00 x 1189.00 мм),1:1,
\\uni-eng.ru\unit\Ivanovo\Документация ЮНИТ М300\Разработка\Схемы ФБ ЮНИТ-М300\Проект\БД\desc\09. ТО ЗПО Т 35\ТО ЗПО Т 35.dwg,Модель,26.06.2026 14:28:46,g.lubov,DWG To PDF.pc3,ISO A0 (841.00 x 1189.00 мм),1:1,
\\uni-eng.ru\unit\Ivanovo\Документация ЮНИТ М300\Разработка\Схемы ФБ ЮНИТ-М300\Проект\БД\desc\09. ТО ЗПО Т 35\ТО ЗПО Т 35.dwg,Модель,26.06.2026 14:29:39,g.lubov,DWG To PDF.pc3,ISO A0 (841.00 x 1189.00 мм),1:1,
\\uni-eng.ru\unit\Ivanovo\Документация ЮНИТ М300\Разработка\Схемы ФБ ЮНИТ-М300\Проект\БД\desc\10. ЗП Т 35\ФБ ЗП Т 35.dwg,Модель,26.06.2026 14:37:16,g.lubov,DWG To PDF.pc3,ISO A0 (841.00 x 1189.00 мм),1:1,
\\uni-eng.ru\unit\Ivanovo\Документация ЮНИТ М300\Разработка\Схемы ФБ ЮНИТ-М300\Проект\БД\desc\11. РТПО Т 35\ФБ РТПО.dwg,Модель,26.06.2026 14:41:58,g.lubov,DWG To PDF.pc3,ISO A0 (841.00 x 1189.00 мм),1:1,
\\uni-eng.ru\unit\Ivanovo\Документация ЮНИТ М300\Разработка\Схемы ФБ ЮНИТ-М300\Проект\БД\desc\12. ТК ЗДЗ 35\ФБ ТК ЗДЗ.dwg,Модель,26.06.2026 14:51:47,g.lubov,DWG To PDF.pc3,ISO A0 (841.00 x 1189.00 мм),1:1,
\\uni-eng.ru\unit\Ivanovo\Документация ЮНИТ М300\Разработка\Схемы ФБ ЮНИТ-М300\Проект\БД\desc\12. ТК ЗДЗ 35\ФБ ТК ЗДЗ.dwg,Модель,26.06.2026 14:53:25,g.lubov,DWG To PDF.pc3,ISO A0 (841.00 x 1189.00 мм),1:1,
\\uni-eng.ru\unit\Ivanovo\Документация ЮНИТ М300\Разработка\Схемы ФБ ЮНИТ-М300\Проект\БД\desc\13. ТО блок РПН 35\ФБ ТО блок РПН.dwg,Модель,26.06.2026 15:00:09,g.lubov,DWG To PDF.pc3,ISO A0 (841.00 x 1189.00 мм),1:1,
\\uni-eng.ru\unit\Ivanovo\Документация ЮНИТ М300\Разработка\Схемы ФБ ЮНИТ-М300\Проект\БД\desc\13. ТО блок РПН 35\ФБ ТО блок РПН.dwg,Модель,26.06.2026 15:01:55,g.lubov,DWG To PDF.pc3,ISO A0 (841.00 x 1189.00 мм),1:1,
\\uni-eng.ru\unit\Ivanovo\Документация ЮНИТ М300\Разработка\Схемы ФБ ЮНИТ-М300\Проект\БД\desc\12. ТК ЗДЗ 35\ФБ ТК ЗДЗ.dwg,Модель,26.06.2026 15:03:23,g.lubov,DWG To PDF.pc3,ISO A0 (841.00 x 1189.00 мм),1:1,
\\uni-eng.ru\unit\Ivanovo\Документация ЮНИТ М300\Разработка\Схемы ФБ ЮНИТ-М300\Проект\БД\desc\12. ТК ЗДЗ 35\ФБ ТК ЗДЗ.dwg,Модель,26.06.2026 15:04:28,g.lubov,DWG To PDF.pc3,ISO A0 (841.00 x 1189.00 мм),1:1,
\\uni-eng.ru\unit\Ivanovo\Документация ЮНИТ М300\Разработка\Схемы ФБ ЮНИТ-М300\Проект\БД\desc\01. ЛО ГЗ Т откл\ФБ ЛО ГЗ.dwg,Модель,26.06.2026 15:06:45,g.lubov,DWG To PDF.pc3,ISO A0 (841.00 x 1189.00 мм),1:1,
\\uni-eng.ru\unit\Ivanovo\Документация ЮНИТ М300\Разработка\Схемы ФБ ЮНИТ-М300\Проект\БД\desc\03. ЛО ГЗ РПН\ФБ ГЗ РПН.dwg,Модель,26.06.2026 15:09:28,g.lubov,DWG To PDF.pc3,ISO A0 (841.00 x 1189.00 мм),1:1,
\\uni-eng.ru\unit\Ivanovo\Документация ЮНИТ М300\Разработка\Схемы ФБ ЮНИТ-М300\Проект\БД\desc\04. ЛО ТЗ Т\ФБ ТЗ.dwg,Модель,26.06.2026 15:37:21,g.lubov,DWG To PDF.pc3,ISO A0 (841.00 x 1189.00 мм),1:1,
\\uni-eng.ru\unit\Ivanovo\Документация ЮНИТ М300\Разработка\Схемы ФБ ЮНИТ-М300\Проект\БД\desc\17. ДЗТ 35\ФБ_ДЗТ.dwg,Модель,06.07.2026 11:15:40,g.lubov,DWG To PDF.pc3,ISO без полей A0 (841.00 x 1189.00 мм),1:1,
